// Jest Snapshot v1, https://goo.gl/fbAQLP

exports[`Post should render correctly 1`] = `
<Modal
  autoFocus={true}
  backdrop={true}
  backdropTransition={
    Object {
      "mountOnEnter": true,
      "timeout": 150,
    }
  }
  centered={false}
  fade={true}
  isOpen={false}
  keyboard={true}
  modalTransition={
    Object {
      "timeout": 300,
    }
  }
  onClosed={[Function]}
  onOpened={[Function]}
  role="dialog"
  toggle={[MockFunction]}
  zIndex={1050}
>
  <ModalHeader
    charCode={215}
    closeAriaLabel="Close"
    tag="h5"
    wrapTag="div"
  >
    Post details
  </ModalHeader>
  <ModalBody
    tag="div"
  >
    <div>
      <b />
      <p>
        by 
        <b />
      </p>
    </div>
    <p>
      Comments
    </p>
  </ModalBody>
  <ModalFooter
    tag="div"
  >
    <Button
      color="primary"
      onClick={[MockFunction]}
      tag="button"
    >
      Ok
    </Button>
     
    <Button
      color="secondary"
      onClick={[MockFunction]}
      tag="button"
    >
      Cancel
    </Button>
  </ModalFooter>
</Modal>
`;
